/home/udoodev/build/mqx/udooneo-dev/mqx/lib/imx6sx_sdb_m4.gcc_arm/release/psp/obj/taskq.o
/home/udoodev/build/mqx/udooneo-dev/mqx/lib/imx6sx_sdb_m4.gcc_arm/release/psp/obj/str_utos.o
/home/udoodev/build/mqx/udooneo-dev/mqx/lib/imx6sx_sdb_m4.gcc_arm/release/psp/obj/lwtimer.o
/home/udoodev/build/mqx/udooneo-dev/mqx/lib/imx6sx_sdb_m4.gcc_arm/release/psp/obj/timer.o
/home/udoodev/build/mqx/udooneo-dev/mqx/lib/imx6sx_sdb_m4.gcc_arm/release/psp/obj/sc_irdyq.o
/home/udoodev/build/mqx/udooneo-dev/mqx/lib/imx6sx_sdb_m4.gcc_arm/release/psp/obj/io_fflsh.o
/home/udoodev/build/mqx/udooneo-dev/mqx/lib/imx6sx_sdb_m4.gcc_arm/release/psp/obj/psp_mat2.o
/home/udoodev/build/mqx/udooneo-dev/mqx/lib/imx6sx_sdb_m4.gcc_arm/release/psp/obj/mem.o
/home/udoodev/build/mqx/udooneo-dev/mqx/lib/imx6sx_sdb_m4.gcc_arm/release/psp/obj/int_vtab.o
/home/udoodev/build/mqx/udooneo-dev/mqx/lib/imx6sx_sdb_m4.gcc_arm/release/psp/obj/klog.o
/home/udoodev/build/mqx/udooneo-dev/mqx/lib/imx6sx_sdb_m4.gcc_arm/release/psp/obj/psp_timn.o
/home/udoodev/build/mqx/udooneo-dev/mqx/lib/imx6sx_sdb_m4.gcc_arm/release/psp/obj/io_write.o
/home/udoodev/build/mqx/udooneo-dev/mqx/lib/imx6sx_sdb_m4.gcc_arm/release/psp/obj/io_instx.o
/home/udoodev/build/mqx/udooneo-dev/mqx/lib/imx6sx_sdb_m4.gcc_arm/release/psp/obj/psp_nsti.o
/home/udoodev/build/mqx/udooneo-dev/mqx/lib/imx6sx_sdb_m4.gcc_arm/release/psp/obj/ipsum.o
/home/udoodev/build/mqx/udooneo-dev/mqx/lib/imx6sx_sdb_m4.gcc_arm/release/psp/obj/psp_tins.o
/home/udoodev/build/mqx/udooneo-dev/mqx/lib/imx6sx_sdb_m4.gcc_arm/release/psp/obj/psp_tkti.o
/home/udoodev/build/mqx/udooneo-dev/mqx/lib/imx6sx_sdb_m4.gcc_arm/release/psp/obj/io_util.o
/home/udoodev/build/mqx/udooneo-dev/mqx/lib/imx6sx_sdb_m4.gcc_arm/release/psp/obj/mem_zero.o
/home/udoodev/build/mqx/udooneo-dev/mqx/lib/imx6sx_sdb_m4.gcc_arm/release/psp/obj/event.o
/home/udoodev/build/mqx/udooneo-dev/mqx/lib/imx6sx_sdb_m4.gcc_arm/release/psp/obj/msgq.o
/home/udoodev/build/mqx/udooneo-dev/mqx/lib/imx6sx_sdb_m4.gcc_arm/release/psp/obj/io_fgets.o
/home/udoodev/build/mqx/udooneo-dev/mqx/lib/imx6sx_sdb_m4.gcc_arm/release/psp/obj/io_dopr.o
/home/udoodev/build/mqx/udooneo-dev/mqx/lib/imx6sx_sdb_m4.gcc_arm/release/psp/obj/psp_tinm.o
/home/udoodev/build/mqx/udooneo-dev/mqx/lib/imx6sx_sdb_m4.gcc_arm/release/psp/obj/inittask.o
/home/udoodev/build/mqx/udooneo-dev/mqx/lib/imx6sx_sdb_m4.gcc_arm/release/psp/obj/strnlen.o
/home/udoodev/build/mqx/udooneo-dev/mqx/lib/imx6sx_sdb_m4.gcc_arm/release/psp/obj/io_scanf.o
/home/udoodev/build/mqx/udooneo-dev/mqx/lib/imx6sx_sdb_m4.gcc_arm/release/psp/obj/psp_tisu.o
/home/udoodev/build/mqx/udooneo-dev/mqx/lib/imx6sx_sdb_m4.gcc_arm/release/psp/obj/mqx.o
/home/udoodev/build/mqx/udooneo-dev/mqx/lib/imx6sx_sdb_m4.gcc_arm/release/psp/obj/msg.o
/home/udoodev/build/mqx/udooneo-dev/mqx/lib/imx6sx_sdb_m4.gcc_arm/release/psp/obj/unicode.o
/home/udoodev/build/mqx/udooneo-dev/mqx/lib/imx6sx_sdb_m4.gcc_arm/release/psp/obj/io_fung.o
/home/udoodev/build/mqx/udooneo-dev/mqx/lib/imx6sx_sdb_m4.gcc_arm/release/psp/obj/lwmsgq.o
/home/udoodev/build/mqx/udooneo-dev/mqx/lib/imx6sx_sdb_m4.gcc_arm/release/psp/obj/support.o
/home/udoodev/build/mqx/udooneo-dev/mqx/lib/imx6sx_sdb_m4.gcc_arm/release/psp/obj/io_shand.o
/home/udoodev/build/mqx/udooneo-dev/mqx/lib/imx6sx_sdb_m4.gcc_arm/release/psp/obj/psp_tiol.o
/home/udoodev/build/mqx/udooneo-dev/mqx/lib/imx6sx_sdb_m4.gcc_arm/release/psp/obj/psp_msti.o
/home/udoodev/build/mqx/udooneo-dev/mqx/lib/imx6sx_sdb_m4.gcc_arm/release/psp/obj/time.o
/home/udoodev/build/mqx/udooneo-dev/mqx/lib/imx6sx_sdb_m4.gcc_arm/release/psp/obj/io_ferr.o
/home/udoodev/build/mqx/udooneo-dev/mqx/lib/imx6sx_sdb_m4.gcc_arm/release/psp/obj/io_fopen.o
/home/udoodev/build/mqx/udooneo-dev/mqx/lib/imx6sx_sdb_m4.gcc_arm/release/psp/obj/nvic.o
/home/udoodev/build/mqx/udooneo-dev/mqx/lib/imx6sx_sdb_m4.gcc_arm/release/psp/obj/io_fputc.o
/home/udoodev/build/mqx/udooneo-dev/mqx/lib/imx6sx_sdb_m4.gcc_arm/release/psp/obj/boot.o
/home/udoodev/build/mqx/udooneo-dev/mqx/lib/imx6sx_sdb_m4.gcc_arm/release/psp/obj/name.o
/home/udoodev/build/mqx/udooneo-dev/mqx/lib/imx6sx_sdb_m4.gcc_arm/release/psp/obj/lwlog.o
/home/udoodev/build/mqx/udooneo-dev/mqx/lib/imx6sx_sdb_m4.gcc_arm/release/psp/obj/int_xcpt.o
/home/udoodev/build/mqx/udooneo-dev/mqx/lib/imx6sx_sdb_m4.gcc_arm/release/psp/obj/idletask.o
/home/udoodev/build/mqx/udooneo-dev/mqx/lib/imx6sx_sdb_m4.gcc_arm/release/psp/obj/io_uinst.o
/home/udoodev/build/mqx/udooneo-dev/mqx/lib/imx6sx_sdb_m4.gcc_arm/release/psp/obj/io_init.o
/home/udoodev/build/mqx/udooneo-dev/mqx/lib/imx6sx_sdb_m4.gcc_arm/release/psp/obj/psp_hoti.o
/home/udoodev/build/mqx/udooneo-dev/mqx/lib/imx6sx_sdb_m4.gcc_arm/release/psp/obj/dispatch.o
/home/udoodev/build/mqx/udooneo-dev/mqx/lib/imx6sx_sdb_m4.gcc_arm/release/psp/obj/io_vpr.o
/home/udoodev/build/mqx/udooneo-dev/mqx/lib/imx6sx_sdb_m4.gcc_arm/release/psp/obj/lwevent.o
/home/udoodev/build/mqx/udooneo-dev/mqx/lib/imx6sx_sdb_m4.gcc_arm/release/psp/obj/psp_tips.o
/home/udoodev/build/mqx/udooneo-dev/mqx/lib/imx6sx_sdb_m4.gcc_arm/release/psp/obj/cache.o
/home/udoodev/build/mqx/udooneo-dev/mqx/lib/imx6sx_sdb_m4.gcc_arm/release/psp/obj/psp_mstiq.o
/home/udoodev/build/mqx/udooneo-dev/mqx/lib/imx6sx_sdb_m4.gcc_arm/release/psp/obj/int_unx.o
/home/udoodev/build/mqx/udooneo-dev/mqx/lib/imx6sx_sdb_m4.gcc_arm/release/psp/obj/lwmem.o
/home/udoodev/build/mqx/udooneo-dev/mqx/lib/imx6sx_sdb_m4.gcc_arm/release/psp/obj/psp_mat3.o
/home/udoodev/build/mqx/udooneo-dev/mqx/lib/imx6sx_sdb_m4.gcc_arm/release/psp/obj/io_sscan.o
/home/udoodev/build/mqx/udooneo-dev/mqx/lib/imx6sx_sdb_m4.gcc_arm/release/psp/obj/tad.o
/home/udoodev/build/mqx/udooneo-dev/mqx/lib/imx6sx_sdb_m4.gcc_arm/release/psp/obj/io_fclos.o
/home/udoodev/build/mqx/udooneo-dev/mqx/lib/imx6sx_sdb_m4.gcc_arm/release/psp/obj/io_clre.o
/home/udoodev/build/mqx/udooneo-dev/mqx/lib/imx6sx_sdb_m4.gcc_arm/release/psp/obj/io_misc.o
/home/udoodev/build/mqx/udooneo-dev/mqx/lib/imx6sx_sdb_m4.gcc_arm/release/psp/obj/io_ftell.o
/home/udoodev/build/mqx/udooneo-dev/mqx/lib/imx6sx_sdb_m4.gcc_arm/release/psp/obj/psp_dati.o
/home/udoodev/build/mqx/udooneo-dev/mqx/lib/imx6sx_sdb_m4.gcc_arm/release/psp/obj/psp_seti.o
/home/udoodev/build/mqx/udooneo-dev/mqx/lib/imx6sx_sdb_m4.gcc_arm/release/psp/obj/psp_tihr.o
/home/udoodev/build/mqx/udooneo-dev/mqx/lib/imx6sx_sdb_m4.gcc_arm/release/psp/obj/msgpool.o
/home/udoodev/build/mqx/udooneo-dev/mqx/lib/imx6sx_sdb_m4.gcc_arm/release/psp/obj/io_fscan.o
/home/udoodev/build/mqx/udooneo-dev/mqx/lib/imx6sx_sdb_m4.gcc_arm/release/psp/obj/int_gkis.o
/home/udoodev/build/mqx/udooneo-dev/mqx/lib/imx6sx_sdb_m4.gcc_arm/release/psp/obj/stack_bu.o
/home/udoodev/build/mqx/udooneo-dev/mqx/lib/imx6sx_sdb_m4.gcc_arm/release/psp/obj/io_fseek.o
/home/udoodev/build/mqx/udooneo-dev/mqx/lib/imx6sx_sdb_m4.gcc_arm/release/psp/obj/io_scanl.o
/home/udoodev/build/mqx/udooneo-dev/mqx/lib/imx6sx_sdb_m4.gcc_arm/release/psp/obj/io_spr.o
/home/udoodev/build/mqx/udooneo-dev/mqx/lib/imx6sx_sdb_m4.gcc_arm/release/psp/obj/comp.o
/home/udoodev/build/mqx/udooneo-dev/mqx/lib/imx6sx_sdb_m4.gcc_arm/release/psp/obj/stack_st.o
/home/udoodev/build/mqx/udooneo-dev/mqx/lib/imx6sx_sdb_m4.gcc_arm/release/psp/obj/sem.o
/home/udoodev/build/mqx/udooneo-dev/mqx/lib/imx6sx_sdb_m4.gcc_arm/release/psp/obj/psp_iinit.o
/home/udoodev/build/mqx/udooneo-dev/mqx/lib/imx6sx_sdb_m4.gcc_arm/release/psp/obj/mutex.o
/home/udoodev/build/mqx/udooneo-dev/mqx/lib/imx6sx_sdb_m4.gcc_arm/release/psp/obj/psp_tise.o
/home/udoodev/build/mqx/udooneo-dev/mqx/lib/imx6sx_sdb_m4.gcc_arm/release/psp/obj/io_fputs.o
/home/udoodev/build/mqx/udooneo-dev/mqx/lib/imx6sx_sdb_m4.gcc_arm/release/psp/obj/io_read.o
/home/udoodev/build/mqx/udooneo-dev/mqx/lib/imx6sx_sdb_m4.gcc_arm/release/psp/obj/psp_tius.o
/home/udoodev/build/mqx/udooneo-dev/mqx/lib/imx6sx_sdb_m4.gcc_arm/release/psp/obj/io_ghand.o
/home/udoodev/build/mqx/udooneo-dev/mqx/lib/imx6sx_sdb_m4.gcc_arm/release/psp/obj/log.o
/home/udoodev/build/mqx/udooneo-dev/mqx/lib/imx6sx_sdb_m4.gcc_arm/release/psp/obj/int.o
/home/udoodev/build/mqx/udooneo-dev/mqx/lib/imx6sx_sdb_m4.gcc_arm/release/psp/obj/io_inst.o
/home/udoodev/build/mqx/udooneo-dev/mqx/lib/imx6sx_sdb_m4.gcc_arm/release/psp/obj/psp_gelms.o
/home/udoodev/build/mqx/udooneo-dev/mqx/lib/imx6sx_sdb_m4.gcc_arm/release/psp/obj/io_pntf.o
/home/udoodev/build/mqx/udooneo-dev/mqx/lib/imx6sx_sdb_m4.gcc_arm/release/psp/obj/io_fstat.o
/home/udoodev/build/mqx/udooneo-dev/mqx/lib/imx6sx_sdb_m4.gcc_arm/release/psp/obj/psp_psti.o
/home/udoodev/build/mqx/udooneo-dev/mqx/lib/imx6sx_sdb_m4.gcc_arm/release/psp/obj/int_inst.o
/home/udoodev/build/mqx/udooneo-dev/mqx/lib/imx6sx_sdb_m4.gcc_arm/release/psp/obj/int_pvta.o
/home/udoodev/build/mqx/udooneo-dev/mqx/lib/imx6sx_sdb_m4.gcc_arm/release/psp/obj/io_feof.o
/home/udoodev/build/mqx/udooneo-dev/mqx/lib/imx6sx_sdb_m4.gcc_arm/release/psp/obj/stack_de.o
/home/udoodev/build/mqx/udooneo-dev/mqx/lib/imx6sx_sdb_m4.gcc_arm/release/psp/obj/psp_tida.o
/home/udoodev/build/mqx/udooneo-dev/mqx/lib/imx6sx_sdb_m4.gcc_arm/release/psp/obj/psp_tims.o
/home/udoodev/build/mqx/udooneo-dev/mqx/lib/imx6sx_sdb_m4.gcc_arm/release/psp/obj/cortex.o
/home/udoodev/build/mqx/udooneo-dev/mqx/lib/imx6sx_sdb_m4.gcc_arm/release/psp/obj/mem_copy.o
/home/udoodev/build/mqx/udooneo-dev/mqx/lib/imx6sx_sdb_m4.gcc_arm/release/psp/obj/psp_supp.o
/home/udoodev/build/mqx/udooneo-dev/mqx/lib/imx6sx_sdb_m4.gcc_arm/release/psp/obj/partition.o
/home/udoodev/build/mqx/udooneo-dev/mqx/lib/imx6sx_sdb_m4.gcc_arm/release/psp/obj/psp_mat1.o
/home/udoodev/build/mqx/udooneo-dev/mqx/lib/imx6sx_sdb_m4.gcc_arm/release/psp/obj/io_fp.o
/home/udoodev/build/mqx/udooneo-dev/mqx/lib/imx6sx_sdb_m4.gcc_arm/release/psp/obj/watchdog.o
/home/udoodev/build/mqx/udooneo-dev/mqx/lib/imx6sx_sdb_m4.gcc_arm/release/psp/obj/io_fgetl.o
/home/udoodev/build/mqx/udooneo-dev/mqx/lib/imx6sx_sdb_m4.gcc_arm/release/psp/obj/ipc.o
/home/udoodev/build/mqx/udooneo-dev/mqx/lib/imx6sx_sdb_m4.gcc_arm/release/psp/obj/psp_miti.o
/home/udoodev/build/mqx/udooneo-dev/mqx/lib/imx6sx_sdb_m4.gcc_arm/release/psp/obj/io_ioctl.o
/home/udoodev/build/mqx/udooneo-dev/mqx/lib/imx6sx_sdb_m4.gcc_arm/release/psp/obj/task.o
/home/udoodev/build/mqx/udooneo-dev/mqx/lib/imx6sx_sdb_m4.gcc_arm/release/psp/obj/psp_tipr.o
/home/udoodev/build/mqx/udooneo-dev/mqx/lib/imx6sx_sdb_m4.gcc_arm/release/psp/obj/queue.o
/home/udoodev/build/mqx/udooneo-dev/mqx/lib/imx6sx_sdb_m4.gcc_arm/release/psp/obj/io_fgetc.o
/home/udoodev/build/mqx/udooneo-dev/mqx/lib/imx6sx_sdb_m4.gcc_arm/release/psp/obj/int_kisr.o
/home/udoodev/build/mqx/udooneo-dev/mqx/lib/imx6sx_sdb_m4.gcc_arm/release/psp/obj/io_fprt.o
/home/udoodev/build/mqx/udooneo-dev/mqx/lib/imx6sx_sdb_m4.gcc_arm/release/psp/obj/psp_tiad.o
/home/udoodev/build/mqx/udooneo-dev/mqx/lib/imx6sx_sdb_m4.gcc_arm/release/psp/obj/psp_usti.o
/home/udoodev/build/mqx/udooneo-dev/mqx/lib/imx6sx_sdb_m4.gcc_arm/release/psp/obj/lwsem.o
/home/udoodev/build/mqx/udooneo-dev/mqx/lib/imx6sx_sdb_m4.gcc_arm/release/psp/obj/sched.o
