/home/udoodev/build/mqx/udooneo-dev/mqx/lib/imx6sx_sdb_m4.gcc_arm/release/bsp/obj/init_lpm.o
/home/udoodev/build/mqx/udooneo-dev/mqx/lib/imx6sx_sdb_m4.gcc_arm/release/bsp/obj/mma8451q_pulse.o
/home/udoodev/build/mqx/udooneo-dev/mqx/lib/imx6sx_sdb_m4.gcc_arm/release/bsp/obj/mag3110_basic.o
/home/udoodev/build/mqx/udooneo-dev/mqx/lib/imx6sx_sdb_m4.gcc_arm/release/bsp/obj/imx6sx_wkpu.o
/home/udoodev/build/mqx/udooneo-dev/mqx/lib/imx6sx_sdb_m4.gcc_arm/release/bsp/obj/i2c_int_imx.o
/home/udoodev/build/mqx/udooneo-dev/mqx/lib/imx6sx_sdb_m4.gcc_arm/release/bsp/obj/spi.o
/home/udoodev/build/mqx/udooneo-dev/mqx/lib/imx6sx_sdb_m4.gcc_arm/release/bsp/obj/lwgpio.o
/home/udoodev/build/mqx/udooneo-dev/mqx/lib/imx6sx_sdb_m4.gcc_arm/release/bsp/obj/mma8451q_generic.o
/home/udoodev/build/mqx/udooneo-dev/mqx/lib/imx6sx_sdb_m4.gcc_arm/release/bsp/obj/i2c_pol.o
/home/udoodev/build/mqx/udooneo-dev/mqx/lib/imx6sx_sdb_m4.gcc_arm/release/bsp/obj/mma8451q_tran.o
/home/udoodev/build/mqx/udooneo-dev/mqx/lib/imx6sx_sdb_m4.gcc_arm/release/bsp/obj/spi_imx6sx_m4.o
/home/udoodev/build/mqx/udooneo-dev/mqx/lib/imx6sx_sdb_m4.gcc_arm/release/bsp/obj/lpm.o
/home/udoodev/build/mqx/udooneo-dev/mqx/lib/imx6sx_sdb_m4.gcc_arm/release/bsp/obj/clk_nodes.o
/home/udoodev/build/mqx/udooneo-dev/mqx/lib/imx6sx_sdb_m4.gcc_arm/release/bsp/obj/i2c_int.o
/home/udoodev/build/mqx/udooneo-dev/mqx/lib/imx6sx_sdb_m4.gcc_arm/release/bsp/obj/mma8451q_ff_mt.o
/home/udoodev/build/mqx/udooneo-dev/mqx/lib/imx6sx_sdb_m4.gcc_arm/release/bsp/obj/spi_ecspi.o
/home/udoodev/build/mqx/udooneo-dev/mqx/lib/imx6sx_sdb_m4.gcc_arm/release/bsp/obj/fsl_flexcan_hal.o
/home/udoodev/build/mqx/udooneo-dev/mqx/lib/imx6sx_sdb_m4.gcc_arm/release/bsp/obj/init_sci.o
/home/udoodev/build/mqx/udooneo-dev/mqx/lib/imx6sx_sdb_m4.gcc_arm/release/bsp/obj/mqx_main.o
/home/udoodev/build/mqx/udooneo-dev/mqx/lib/imx6sx_sdb_m4.gcc_arm/release/bsp/obj/hwtimer_epit.o
/home/udoodev/build/mqx/udooneo-dev/mqx/lib/imx6sx_sdb_m4.gcc_arm/release/bsp/obj/bsp_clk_shared_mgmt.o
/home/udoodev/build/mqx/udooneo-dev/mqx/lib/imx6sx_sdb_m4.gcc_arm/release/bsp/obj/serl_int.o
/home/udoodev/build/mqx/udooneo-dev/mqx/lib/imx6sx_sdb_m4.gcc_arm/release/bsp/obj/io_pipe.o
/home/udoodev/build/mqx/udooneo-dev/mqx/lib/imx6sx_sdb_m4.gcc_arm/release/bsp/obj/serl_pol.o
/home/udoodev/build/mqx/udooneo-dev/mqx/lib/imx6sx_sdb_m4.gcc_arm/release/bsp/obj/sema4_imx6sx.o
/home/udoodev/build/mqx/udooneo-dev/mqx/lib/imx6sx_sdb_m4.gcc_arm/release/bsp/obj/lwgpio_igpio_imx6sx.o
/home/udoodev/build/mqx/udooneo-dev/mqx/lib/imx6sx_sdb_m4.gcc_arm/release/bsp/obj/fsl_flexcan_imx6sx.o
/home/udoodev/build/mqx/udooneo-dev/mqx/lib/imx6sx_sdb_m4.gcc_arm/release/bsp/obj/clk_api.o
/home/udoodev/build/mqx/udooneo-dev/mqx/lib/imx6sx_sdb_m4.gcc_arm/release/bsp/obj/lpm_mcore_imx6sx.o
/home/udoodev/build/mqx/udooneo-dev/mqx/lib/imx6sx_sdb_m4.gcc_arm/release/bsp/obj/vectors.o
/home/udoodev/build/mqx/udooneo-dev/mqx/lib/imx6sx_sdb_m4.gcc_arm/release/bsp/obj/lpm_imx6sx.o
/home/udoodev/build/mqx/udooneo-dev/mqx/lib/imx6sx_sdb_m4.gcc_arm/release/bsp/obj/i2c_imx6sx_m4.o
/home/udoodev/build/mqx/udooneo-dev/mqx/lib/imx6sx_sdb_m4.gcc_arm/release/bsp/obj/mma8451q_basic.o
/home/udoodev/build/mqx/udooneo-dev/mqx/lib/imx6sx_sdb_m4.gcc_arm/release/bsp/obj/lwadc_imxadc.o
/home/udoodev/build/mqx/udooneo-dev/mqx/lib/imx6sx_sdb_m4.gcc_arm/release/bsp/obj/lwadc_imx6sx.o
/home/udoodev/build/mqx/udooneo-dev/mqx/lib/imx6sx_sdb_m4.gcc_arm/release/bsp/obj/hwtimer.o
/home/udoodev/build/mqx/udooneo-dev/mqx/lib/imx6sx_sdb_m4.gcc_arm/release/bsp/obj/lwgpio_igpio.o
/home/udoodev/build/mqx/udooneo-dev/mqx/lib/imx6sx_sdb_m4.gcc_arm/release/bsp/obj/core_mutex_sema4.o
/home/udoodev/build/mqx/udooneo-dev/mqx/lib/imx6sx_sdb_m4.gcc_arm/release/bsp/obj/init_bsp.o
/home/udoodev/build/mqx/udooneo-dev/mqx/lib/imx6sx_sdb_m4.gcc_arm/release/bsp/obj/core_mutex.o
/home/udoodev/build/mqx/udooneo-dev/mqx/lib/imx6sx_sdb_m4.gcc_arm/release/bsp/obj/spi_slave_imx6sx_m4.o
/home/udoodev/build/mqx/udooneo-dev/mqx/lib/imx6sx_sdb_m4.gcc_arm/release/bsp/obj/init_lwadc.o
/home/udoodev/build/mqx/udooneo-dev/mqx/lib/imx6sx_sdb_m4.gcc_arm/release/bsp/obj/mma8451q_lapo.o
/home/udoodev/build/mqx/udooneo-dev/mqx/lib/imx6sx_sdb_m4.gcc_arm/release/bsp/obj/bsp_cm.o
/home/udoodev/build/mqx/udooneo-dev/mqx/lib/imx6sx_sdb_m4.gcc_arm/release/bsp/obj/io_sinit.o
/home/udoodev/build/mqx/udooneo-dev/mqx/lib/imx6sx_sdb_m4.gcc_arm/release/bsp/obj/fsl_flexcan_int.o
/home/udoodev/build/mqx/udooneo-dev/mqx/lib/imx6sx_sdb_m4.gcc_arm/release/bsp/obj/i2c_pol_imx.o
/home/udoodev/build/mqx/udooneo-dev/mqx/lib/imx6sx_sdb_m4.gcc_arm/release/bsp/obj/init_hw.o
/home/udoodev/build/mqx/udooneo-dev/mqx/lib/imx6sx_sdb_m4.gcc_arm/release/bsp/obj/init_core_mutex.o
/home/udoodev/build/mqx/udooneo-dev/mqx/lib/imx6sx_sdb_m4.gcc_arm/release/bsp/obj/init_gpio.o
/home/udoodev/build/mqx/udooneo-dev/mqx/lib/imx6sx_sdb_m4.gcc_arm/release/bsp/obj/hwtimer_imx6sx_m4.o
/home/udoodev/build/mqx/udooneo-dev/mqx/lib/imx6sx_sdb_m4.gcc_arm/release/bsp/obj/serl_int_imx_uart.o
/home/udoodev/build/mqx/udooneo-dev/mqx/lib/imx6sx_sdb_m4.gcc_arm/release/bsp/obj/mag3110_fun.o
/home/udoodev/build/mqx/udooneo-dev/mqx/lib/imx6sx_sdb_m4.gcc_arm/release/bsp/obj/hwtimer_systick.o
/home/udoodev/build/mqx/udooneo-dev/mqx/lib/imx6sx_sdb_m4.gcc_arm/release/bsp/obj/serl_imx6sx.o
/home/udoodev/build/mqx/udooneo-dev/mqx/lib/imx6sx_sdb_m4.gcc_arm/release/bsp/obj/fsl_flexcan_driver.o
/home/udoodev/build/mqx/udooneo-dev/mqx/lib/imx6sx_sdb_m4.gcc_arm/release/bsp/obj/spi_slave_ecspi.o
/home/udoodev/build/mqx/udooneo-dev/mqx/lib/imx6sx_sdb_m4.gcc_arm/release/bsp/obj/mqx_init.o
/home/udoodev/build/mqx/udooneo-dev/mqx/lib/imx6sx_sdb_m4.gcc_arm/release/bsp/obj/serl_pol_imx_uart.o
/home/udoodev/build/mqx/udooneo-dev/mqx/lib/imx6sx_sdb_m4.gcc_arm/release/bsp/obj/init_i2c.o
/home/udoodev/build/mqx/udooneo-dev/mqx/lib/imx6sx_sdb_m4.gcc_arm/release/bsp/obj/init_spi.o
/home/udoodev/build/mqx/udooneo-dev/mqx/lib/imx6sx_sdb_m4.gcc_arm/release/bsp/obj/cm.o
/home/udoodev/build/mqx/udooneo-dev/mqx/lib/imx6sx_sdb_m4.gcc_arm/release/bsp/obj/mu_imx6sx_m4.o
